 
****************************************
check_design summary:
Version:     J-2014.09-SP2
Date:        Fri Mar 31 19:53:48 2023
****************************************

                   Name                                            Total
--------------------------------------------------------------------------------
Nets                                                              288
    Unloaded nets (LINT-2)                                        288
--------------------------------------------------------------------------------

Warning: In design 'TOP', net 'data/ospe_array/SYNOPSYS_UNCONNECTED_256' driven by pin 'data/ospe_array/ospe33/opB[0]' has no loads. (LINT-2)
Warning: In design 'TOP', net 'data/ospe_array/SYNOPSYS_UNCONNECTED_255' driven by pin 'data/ospe_array/ospe33/opB[1]' has no loads. (LINT-2)
Warning: In design 'TOP', net 'data/ospe_array/SYNOPSYS_UNCONNECTED_254' driven by pin 'data/ospe_array/ospe33/opB[2]' has no loads. (LINT-2)
Warning: In design 'TOP', net 'data/ospe_array/SYNOPSYS_UNCONNECTED_253' driven by pin 'data/ospe_array/ospe33/opB[3]' has no loads. (LINT-2)
Warning: In design 'TOP', net 'data/ospe_array/SYNOPSYS_UNCONNECTED_252' driven by pin 'data/ospe_array/ospe33/opB[4]' has no loads. (LINT-2)
Warning: In design 'TOP', net 'data/ospe_array/SYNOPSYS_UNCONNECTED_251' driven by pin 'data/ospe_array/ospe33/opB[5]' has no loads. (LINT-2)
Warning: In design 'TOP', net 'data/ospe_array/SYNOPSYS_UNCONNECTED_250' driven by pin 'data/ospe_array/ospe33/opB[6]' has no loads. (LINT-2)
Warning: In design 'TOP', net 'data/ospe_array/SYNOPSYS_UNCONNECTED_249' driven by pin 'data/ospe_array/ospe33/opB[7]' has no loads. (LINT-2)
Warning: In design 'TOP', net 'data/ospe_array/SYNOPSYS_UNCONNECTED_248' driven by pin 'data/ospe_array/ospe33/opB[8]' has no loads. (LINT-2)
Warning: In design 'TOP', net 'data/ospe_array/SYNOPSYS_UNCONNECTED_247' driven by pin 'data/ospe_array/ospe33/opB[9]' has no loads. (LINT-2)
Warning: In design 'TOP', net 'data/ospe_array/SYNOPSYS_UNCONNECTED_246' driven by pin 'data/ospe_array/ospe33/opB[10]' has no loads. (LINT-2)
Warning: In design 'TOP', net 'data/ospe_array/SYNOPSYS_UNCONNECTED_245' driven by pin 'data/ospe_array/ospe33/opB[11]' has no loads. (LINT-2)
Warning: In design 'TOP', net 'data/ospe_array/SYNOPSYS_UNCONNECTED_244' driven by pin 'data/ospe_array/ospe33/opB[12]' has no loads. (LINT-2)
Warning: In design 'TOP', net 'data/ospe_array/SYNOPSYS_UNCONNECTED_243' driven by pin 'data/ospe_array/ospe33/opB[13]' has no loads. (LINT-2)
Warning: In design 'TOP', net 'data/ospe_array/SYNOPSYS_UNCONNECTED_242' driven by pin 'data/ospe_array/ospe33/opB[14]' has no loads. (LINT-2)
Warning: In design 'TOP', net 'data/ospe_array/SYNOPSYS_UNCONNECTED_241' driven by pin 'data/ospe_array/ospe33/opB[15]' has no loads. (LINT-2)
Warning: In design 'TOP', net 'data/ospe_array/SYNOPSYS_UNCONNECTED_240' driven by pin 'data/ospe_array/ospe33/opB[16]' has no loads. (LINT-2)
Warning: In design 'TOP', net 'data/ospe_array/SYNOPSYS_UNCONNECTED_239' driven by pin 'data/ospe_array/ospe33/opB[17]' has no loads. (LINT-2)
Warning: In design 'TOP', net 'data/ospe_array/SYNOPSYS_UNCONNECTED_238' driven by pin 'data/ospe_array/ospe33/opB[18]' has no loads. (LINT-2)
Warning: In design 'TOP', net 'data/ospe_array/SYNOPSYS_UNCONNECTED_237' driven by pin 'data/ospe_array/ospe33/opB[19]' has no loads. (LINT-2)
Warning: In design 'TOP', net 'data/ospe_array/SYNOPSYS_UNCONNECTED_236' driven by pin 'data/ospe_array/ospe33/opB[20]' has no loads. (LINT-2)
Warning: In design 'TOP', net 'data/ospe_array/SYNOPSYS_UNCONNECTED_235' driven by pin 'data/ospe_array/ospe33/opB[21]' has no loads. (LINT-2)
Warning: In design 'TOP', net 'data/ospe_array/SYNOPSYS_UNCONNECTED_234' driven by pin 'data/ospe_array/ospe33/opB[22]' has no loads. (LINT-2)
Warning: In design 'TOP', net 'data/ospe_array/SYNOPSYS_UNCONNECTED_233' driven by pin 'data/ospe_array/ospe33/opB[23]' has no loads. (LINT-2)
Warning: In design 'TOP', net 'data/ospe_array/SYNOPSYS_UNCONNECTED_232' driven by pin 'data/ospe_array/ospe33/opB[24]' has no loads. (LINT-2)
Warning: In design 'TOP', net 'data/ospe_array/SYNOPSYS_UNCONNECTED_231' driven by pin 'data/ospe_array/ospe33/opB[25]' has no loads. (LINT-2)
Warning: In design 'TOP', net 'data/ospe_array/SYNOPSYS_UNCONNECTED_230' driven by pin 'data/ospe_array/ospe33/opB[26]' has no loads. (LINT-2)
Warning: In design 'TOP', net 'data/ospe_array/SYNOPSYS_UNCONNECTED_229' driven by pin 'data/ospe_array/ospe33/opB[27]' has no loads. (LINT-2)
Warning: In design 'TOP', net 'data/ospe_array/SYNOPSYS_UNCONNECTED_228' driven by pin 'data/ospe_array/ospe33/opB[28]' has no loads. (LINT-2)
Warning: In design 'TOP', net 'data/ospe_array/SYNOPSYS_UNCONNECTED_227' driven by pin 'data/ospe_array/ospe33/opB[29]' has no loads. (LINT-2)
Warning: In design 'TOP', net 'data/ospe_array/SYNOPSYS_UNCONNECTED_226' driven by pin 'data/ospe_array/ospe33/opB[30]' has no loads. (LINT-2)
Warning: In design 'TOP', net 'data/ospe_array/SYNOPSYS_UNCONNECTED_225' driven by pin 'data/ospe_array/ospe33/opB[31]' has no loads. (LINT-2)
Warning: In design 'TOP', net 'data/ospe_array/SYNOPSYS_UNCONNECTED_224' driven by pin 'data/ospe_array/ospe33/opA[0]' has no loads. (LINT-2)
Warning: In design 'TOP', net 'data/ospe_array/SYNOPSYS_UNCONNECTED_223' driven by pin 'data/ospe_array/ospe33/opA[1]' has no loads. (LINT-2)
Warning: In design 'TOP', net 'data/ospe_array/SYNOPSYS_UNCONNECTED_222' driven by pin 'data/ospe_array/ospe33/opA[2]' has no loads. (LINT-2)
Warning: In design 'TOP', net 'data/ospe_array/SYNOPSYS_UNCONNECTED_221' driven by pin 'data/ospe_array/ospe33/opA[3]' has no loads. (LINT-2)
Warning: In design 'TOP', net 'data/ospe_array/SYNOPSYS_UNCONNECTED_220' driven by pin 'data/ospe_array/ospe33/opA[4]' has no loads. (LINT-2)
Warning: In design 'TOP', net 'data/ospe_array/SYNOPSYS_UNCONNECTED_219' driven by pin 'data/ospe_array/ospe33/opA[5]' has no loads. (LINT-2)
Warning: In design 'TOP', net 'data/ospe_array/SYNOPSYS_UNCONNECTED_218' driven by pin 'data/ospe_array/ospe33/opA[6]' has no loads. (LINT-2)
Warning: In design 'TOP', net 'data/ospe_array/SYNOPSYS_UNCONNECTED_217' driven by pin 'data/ospe_array/ospe33/opA[7]' has no loads. (LINT-2)
Warning: In design 'TOP', net 'data/ospe_array/SYNOPSYS_UNCONNECTED_216' driven by pin 'data/ospe_array/ospe33/opA[8]' has no loads. (LINT-2)
Warning: In design 'TOP', net 'data/ospe_array/SYNOPSYS_UNCONNECTED_215' driven by pin 'data/ospe_array/ospe33/opA[9]' has no loads. (LINT-2)
Warning: In design 'TOP', net 'data/ospe_array/SYNOPSYS_UNCONNECTED_214' driven by pin 'data/ospe_array/ospe33/opA[10]' has no loads. (LINT-2)
Warning: In design 'TOP', net 'data/ospe_array/SYNOPSYS_UNCONNECTED_213' driven by pin 'data/ospe_array/ospe33/opA[11]' has no loads. (LINT-2)
Warning: In design 'TOP', net 'data/ospe_array/SYNOPSYS_UNCONNECTED_212' driven by pin 'data/ospe_array/ospe33/opA[12]' has no loads. (LINT-2)
Warning: In design 'TOP', net 'data/ospe_array/SYNOPSYS_UNCONNECTED_211' driven by pin 'data/ospe_array/ospe33/opA[13]' has no loads. (LINT-2)
Warning: In design 'TOP', net 'data/ospe_array/SYNOPSYS_UNCONNECTED_210' driven by pin 'data/ospe_array/ospe33/opA[14]' has no loads. (LINT-2)
Warning: In design 'TOP', net 'data/ospe_array/SYNOPSYS_UNCONNECTED_209' driven by pin 'data/ospe_array/ospe33/opA[15]' has no loads. (LINT-2)
Warning: In design 'TOP', net 'data/ospe_array/SYNOPSYS_UNCONNECTED_208' driven by pin 'data/ospe_array/ospe33/opA[16]' has no loads. (LINT-2)
Warning: In design 'TOP', net 'data/ospe_array/SYNOPSYS_UNCONNECTED_207' driven by pin 'data/ospe_array/ospe33/opA[17]' has no loads. (LINT-2)
Warning: In design 'TOP', net 'data/ospe_array/SYNOPSYS_UNCONNECTED_206' driven by pin 'data/ospe_array/ospe33/opA[18]' has no loads. (LINT-2)
Warning: In design 'TOP', net 'data/ospe_array/SYNOPSYS_UNCONNECTED_205' driven by pin 'data/ospe_array/ospe33/opA[19]' has no loads. (LINT-2)
Warning: In design 'TOP', net 'data/ospe_array/SYNOPSYS_UNCONNECTED_204' driven by pin 'data/ospe_array/ospe33/opA[20]' has no loads. (LINT-2)
Warning: In design 'TOP', net 'data/ospe_array/SYNOPSYS_UNCONNECTED_203' driven by pin 'data/ospe_array/ospe33/opA[21]' has no loads. (LINT-2)
Warning: In design 'TOP', net 'data/ospe_array/SYNOPSYS_UNCONNECTED_202' driven by pin 'data/ospe_array/ospe33/opA[22]' has no loads. (LINT-2)
Warning: In design 'TOP', net 'data/ospe_array/SYNOPSYS_UNCONNECTED_201' driven by pin 'data/ospe_array/ospe33/opA[23]' has no loads. (LINT-2)
Warning: In design 'TOP', net 'data/ospe_array/SYNOPSYS_UNCONNECTED_200' driven by pin 'data/ospe_array/ospe33/opA[24]' has no loads. (LINT-2)
Warning: In design 'TOP', net 'data/ospe_array/SYNOPSYS_UNCONNECTED_199' driven by pin 'data/ospe_array/ospe33/opA[25]' has no loads. (LINT-2)
Warning: In design 'TOP', net 'data/ospe_array/SYNOPSYS_UNCONNECTED_198' driven by pin 'data/ospe_array/ospe33/opA[26]' has no loads. (LINT-2)
Warning: In design 'TOP', net 'data/ospe_array/SYNOPSYS_UNCONNECTED_197' driven by pin 'data/ospe_array/ospe33/opA[27]' has no loads. (LINT-2)
Warning: In design 'TOP', net 'data/ospe_array/SYNOPSYS_UNCONNECTED_196' driven by pin 'data/ospe_array/ospe33/opA[28]' has no loads. (LINT-2)
Warning: In design 'TOP', net 'data/ospe_array/SYNOPSYS_UNCONNECTED_195' driven by pin 'data/ospe_array/ospe33/opA[29]' has no loads. (LINT-2)
Warning: In design 'TOP', net 'data/ospe_array/SYNOPSYS_UNCONNECTED_194' driven by pin 'data/ospe_array/ospe33/opA[30]' has no loads. (LINT-2)
Warning: In design 'TOP', net 'data/ospe_array/SYNOPSYS_UNCONNECTED_193' driven by pin 'data/ospe_array/ospe33/opA[31]' has no loads. (LINT-2)
Warning: In design 'TOP', net 'data/ospe_array/SYNOPSYS_UNCONNECTED_192' driven by pin 'data/ospe_array/ospe32/opB[0]' has no loads. (LINT-2)
Warning: In design 'TOP', net 'data/ospe_array/SYNOPSYS_UNCONNECTED_191' driven by pin 'data/ospe_array/ospe32/opB[1]' has no loads. (LINT-2)
Warning: In design 'TOP', net 'data/ospe_array/SYNOPSYS_UNCONNECTED_190' driven by pin 'data/ospe_array/ospe32/opB[2]' has no loads. (LINT-2)
Warning: In design 'TOP', net 'data/ospe_array/SYNOPSYS_UNCONNECTED_189' driven by pin 'data/ospe_array/ospe32/opB[3]' has no loads. (LINT-2)
Warning: In design 'TOP', net 'data/ospe_array/SYNOPSYS_UNCONNECTED_188' driven by pin 'data/ospe_array/ospe32/opB[4]' has no loads. (LINT-2)
Warning: In design 'TOP', net 'data/ospe_array/SYNOPSYS_UNCONNECTED_187' driven by pin 'data/ospe_array/ospe32/opB[5]' has no loads. (LINT-2)
Warning: In design 'TOP', net 'data/ospe_array/SYNOPSYS_UNCONNECTED_186' driven by pin 'data/ospe_array/ospe32/opB[6]' has no loads. (LINT-2)
Warning: In design 'TOP', net 'data/ospe_array/SYNOPSYS_UNCONNECTED_185' driven by pin 'data/ospe_array/ospe32/opB[7]' has no loads. (LINT-2)
Warning: In design 'TOP', net 'data/ospe_array/SYNOPSYS_UNCONNECTED_184' driven by pin 'data/ospe_array/ospe32/opB[8]' has no loads. (LINT-2)
Warning: In design 'TOP', net 'data/ospe_array/SYNOPSYS_UNCONNECTED_183' driven by pin 'data/ospe_array/ospe32/opB[9]' has no loads. (LINT-2)
Warning: In design 'TOP', net 'data/ospe_array/SYNOPSYS_UNCONNECTED_182' driven by pin 'data/ospe_array/ospe32/opB[10]' has no loads. (LINT-2)
Warning: In design 'TOP', net 'data/ospe_array/SYNOPSYS_UNCONNECTED_181' driven by pin 'data/ospe_array/ospe32/opB[11]' has no loads. (LINT-2)
Warning: In design 'TOP', net 'data/ospe_array/SYNOPSYS_UNCONNECTED_180' driven by pin 'data/ospe_array/ospe32/opB[12]' has no loads. (LINT-2)
Warning: In design 'TOP', net 'data/ospe_array/SYNOPSYS_UNCONNECTED_179' driven by pin 'data/ospe_array/ospe32/opB[13]' has no loads. (LINT-2)
Warning: In design 'TOP', net 'data/ospe_array/SYNOPSYS_UNCONNECTED_178' driven by pin 'data/ospe_array/ospe32/opB[14]' has no loads. (LINT-2)
Warning: In design 'TOP', net 'data/ospe_array/SYNOPSYS_UNCONNECTED_177' driven by pin 'data/ospe_array/ospe32/opB[15]' has no loads. (LINT-2)
Warning: In design 'TOP', net 'data/ospe_array/SYNOPSYS_UNCONNECTED_176' driven by pin 'data/ospe_array/ospe32/opB[16]' has no loads. (LINT-2)
Warning: In design 'TOP', net 'data/ospe_array/SYNOPSYS_UNCONNECTED_175' driven by pin 'data/ospe_array/ospe32/opB[17]' has no loads. (LINT-2)
Warning: In design 'TOP', net 'data/ospe_array/SYNOPSYS_UNCONNECTED_174' driven by pin 'data/ospe_array/ospe32/opB[18]' has no loads. (LINT-2)
Warning: In design 'TOP', net 'data/ospe_array/SYNOPSYS_UNCONNECTED_173' driven by pin 'data/ospe_array/ospe32/opB[19]' has no loads. (LINT-2)
Warning: In design 'TOP', net 'data/ospe_array/SYNOPSYS_UNCONNECTED_172' driven by pin 'data/ospe_array/ospe32/opB[20]' has no loads. (LINT-2)
Warning: In design 'TOP', net 'data/ospe_array/SYNOPSYS_UNCONNECTED_171' driven by pin 'data/ospe_array/ospe32/opB[21]' has no loads. (LINT-2)
Warning: In design 'TOP', net 'data/ospe_array/SYNOPSYS_UNCONNECTED_170' driven by pin 'data/ospe_array/ospe32/opB[22]' has no loads. (LINT-2)
Warning: In design 'TOP', net 'data/ospe_array/SYNOPSYS_UNCONNECTED_169' driven by pin 'data/ospe_array/ospe32/opB[23]' has no loads. (LINT-2)
Warning: In design 'TOP', net 'data/ospe_array/SYNOPSYS_UNCONNECTED_168' driven by pin 'data/ospe_array/ospe32/opB[24]' has no loads. (LINT-2)
Warning: In design 'TOP', net 'data/ospe_array/SYNOPSYS_UNCONNECTED_167' driven by pin 'data/ospe_array/ospe32/opB[25]' has no loads. (LINT-2)
Warning: In design 'TOP', net 'data/ospe_array/SYNOPSYS_UNCONNECTED_166' driven by pin 'data/ospe_array/ospe32/opB[26]' has no loads. (LINT-2)
Warning: In design 'TOP', net 'data/ospe_array/SYNOPSYS_UNCONNECTED_165' driven by pin 'data/ospe_array/ospe32/opB[27]' has no loads. (LINT-2)
Warning: In design 'TOP', net 'data/ospe_array/SYNOPSYS_UNCONNECTED_164' driven by pin 'data/ospe_array/ospe32/opB[28]' has no loads. (LINT-2)
Warning: In design 'TOP', net 'data/ospe_array/SYNOPSYS_UNCONNECTED_163' driven by pin 'data/ospe_array/ospe32/opB[29]' has no loads. (LINT-2)
Warning: In design 'TOP', net 'data/ospe_array/SYNOPSYS_UNCONNECTED_162' driven by pin 'data/ospe_array/ospe32/opB[30]' has no loads. (LINT-2)
Warning: In design 'TOP', net 'data/ospe_array/SYNOPSYS_UNCONNECTED_161' driven by pin 'data/ospe_array/ospe32/opB[31]' has no loads. (LINT-2)
Warning: In design 'TOP', net 'data/ospe_array/SYNOPSYS_UNCONNECTED_160' driven by pin 'data/ospe_array/ospe31/opB[0]' has no loads. (LINT-2)
Warning: In design 'TOP', net 'data/ospe_array/SYNOPSYS_UNCONNECTED_159' driven by pin 'data/ospe_array/ospe31/opB[1]' has no loads. (LINT-2)
Warning: In design 'TOP', net 'data/ospe_array/SYNOPSYS_UNCONNECTED_158' driven by pin 'data/ospe_array/ospe31/opB[2]' has no loads. (LINT-2)
Warning: In design 'TOP', net 'data/ospe_array/SYNOPSYS_UNCONNECTED_157' driven by pin 'data/ospe_array/ospe31/opB[3]' has no loads. (LINT-2)
Warning: In design 'TOP', net 'data/ospe_array/SYNOPSYS_UNCONNECTED_156' driven by pin 'data/ospe_array/ospe31/opB[4]' has no loads. (LINT-2)
Warning: In design 'TOP', net 'data/ospe_array/SYNOPSYS_UNCONNECTED_155' driven by pin 'data/ospe_array/ospe31/opB[5]' has no loads. (LINT-2)
Warning: In design 'TOP', net 'data/ospe_array/SYNOPSYS_UNCONNECTED_154' driven by pin 'data/ospe_array/ospe31/opB[6]' has no loads. (LINT-2)
Warning: In design 'TOP', net 'data/ospe_array/SYNOPSYS_UNCONNECTED_153' driven by pin 'data/ospe_array/ospe31/opB[7]' has no loads. (LINT-2)
Warning: In design 'TOP', net 'data/ospe_array/SYNOPSYS_UNCONNECTED_152' driven by pin 'data/ospe_array/ospe31/opB[8]' has no loads. (LINT-2)
Warning: In design 'TOP', net 'data/ospe_array/SYNOPSYS_UNCONNECTED_151' driven by pin 'data/ospe_array/ospe31/opB[9]' has no loads. (LINT-2)
Warning: In design 'TOP', net 'data/ospe_array/SYNOPSYS_UNCONNECTED_150' driven by pin 'data/ospe_array/ospe31/opB[10]' has no loads. (LINT-2)
Warning: In design 'TOP', net 'data/ospe_array/SYNOPSYS_UNCONNECTED_149' driven by pin 'data/ospe_array/ospe31/opB[11]' has no loads. (LINT-2)
Warning: In design 'TOP', net 'data/ospe_array/SYNOPSYS_UNCONNECTED_148' driven by pin 'data/ospe_array/ospe31/opB[12]' has no loads. (LINT-2)
Warning: In design 'TOP', net 'data/ospe_array/SYNOPSYS_UNCONNECTED_147' driven by pin 'data/ospe_array/ospe31/opB[13]' has no loads. (LINT-2)
Warning: In design 'TOP', net 'data/ospe_array/SYNOPSYS_UNCONNECTED_146' driven by pin 'data/ospe_array/ospe31/opB[14]' has no loads. (LINT-2)
Warning: In design 'TOP', net 'data/ospe_array/SYNOPSYS_UNCONNECTED_145' driven by pin 'data/ospe_array/ospe31/opB[15]' has no loads. (LINT-2)
Warning: In design 'TOP', net 'data/ospe_array/SYNOPSYS_UNCONNECTED_144' driven by pin 'data/ospe_array/ospe31/opB[16]' has no loads. (LINT-2)
Warning: In design 'TOP', net 'data/ospe_array/SYNOPSYS_UNCONNECTED_143' driven by pin 'data/ospe_array/ospe31/opB[17]' has no loads. (LINT-2)
Warning: In design 'TOP', net 'data/ospe_array/SYNOPSYS_UNCONNECTED_142' driven by pin 'data/ospe_array/ospe31/opB[18]' has no loads. (LINT-2)
Warning: In design 'TOP', net 'data/ospe_array/SYNOPSYS_UNCONNECTED_141' driven by pin 'data/ospe_array/ospe31/opB[19]' has no loads. (LINT-2)
Warning: In design 'TOP', net 'data/ospe_array/SYNOPSYS_UNCONNECTED_140' driven by pin 'data/ospe_array/ospe31/opB[20]' has no loads. (LINT-2)
Warning: In design 'TOP', net 'data/ospe_array/SYNOPSYS_UNCONNECTED_139' driven by pin 'data/ospe_array/ospe31/opB[21]' has no loads. (LINT-2)
Warning: In design 'TOP', net 'data/ospe_array/SYNOPSYS_UNCONNECTED_138' driven by pin 'data/ospe_array/ospe31/opB[22]' has no loads. (LINT-2)
Warning: In design 'TOP', net 'data/ospe_array/SYNOPSYS_UNCONNECTED_137' driven by pin 'data/ospe_array/ospe31/opB[23]' has no loads. (LINT-2)
Warning: In design 'TOP', net 'data/ospe_array/SYNOPSYS_UNCONNECTED_136' driven by pin 'data/ospe_array/ospe31/opB[24]' has no loads. (LINT-2)
Warning: In design 'TOP', net 'data/ospe_array/SYNOPSYS_UNCONNECTED_135' driven by pin 'data/ospe_array/ospe31/opB[25]' has no loads. (LINT-2)
Warning: In design 'TOP', net 'data/ospe_array/SYNOPSYS_UNCONNECTED_134' driven by pin 'data/ospe_array/ospe31/opB[26]' has no loads. (LINT-2)
Warning: In design 'TOP', net 'data/ospe_array/SYNOPSYS_UNCONNECTED_133' driven by pin 'data/ospe_array/ospe31/opB[27]' has no loads. (LINT-2)
Warning: In design 'TOP', net 'data/ospe_array/SYNOPSYS_UNCONNECTED_132' driven by pin 'data/ospe_array/ospe31/opB[28]' has no loads. (LINT-2)
Warning: In design 'TOP', net 'data/ospe_array/SYNOPSYS_UNCONNECTED_131' driven by pin 'data/ospe_array/ospe31/opB[29]' has no loads. (LINT-2)
Warning: In design 'TOP', net 'data/ospe_array/SYNOPSYS_UNCONNECTED_130' driven by pin 'data/ospe_array/ospe31/opB[30]' has no loads. (LINT-2)
Warning: In design 'TOP', net 'data/ospe_array/SYNOPSYS_UNCONNECTED_129' driven by pin 'data/ospe_array/ospe31/opB[31]' has no loads. (LINT-2)
Warning: In design 'TOP', net 'data/ospe_array/SYNOPSYS_UNCONNECTED_128' driven by pin 'data/ospe_array/ospe30/opB[0]' has no loads. (LINT-2)
Warning: In design 'TOP', net 'data/ospe_array/SYNOPSYS_UNCONNECTED_127' driven by pin 'data/ospe_array/ospe30/opB[1]' has no loads. (LINT-2)
Warning: In design 'TOP', net 'data/ospe_array/SYNOPSYS_UNCONNECTED_126' driven by pin 'data/ospe_array/ospe30/opB[2]' has no loads. (LINT-2)
Warning: In design 'TOP', net 'data/ospe_array/SYNOPSYS_UNCONNECTED_125' driven by pin 'data/ospe_array/ospe30/opB[3]' has no loads. (LINT-2)
Warning: In design 'TOP', net 'data/ospe_array/SYNOPSYS_UNCONNECTED_124' driven by pin 'data/ospe_array/ospe30/opB[4]' has no loads. (LINT-2)
Warning: In design 'TOP', net 'data/ospe_array/SYNOPSYS_UNCONNECTED_123' driven by pin 'data/ospe_array/ospe30/opB[5]' has no loads. (LINT-2)
Warning: In design 'TOP', net 'data/ospe_array/SYNOPSYS_UNCONNECTED_122' driven by pin 'data/ospe_array/ospe30/opB[6]' has no loads. (LINT-2)
Warning: In design 'TOP', net 'data/ospe_array/SYNOPSYS_UNCONNECTED_121' driven by pin 'data/ospe_array/ospe30/opB[7]' has no loads. (LINT-2)
Warning: In design 'TOP', net 'data/ospe_array/SYNOPSYS_UNCONNECTED_120' driven by pin 'data/ospe_array/ospe30/opB[8]' has no loads. (LINT-2)
Warning: In design 'TOP', net 'data/ospe_array/SYNOPSYS_UNCONNECTED_119' driven by pin 'data/ospe_array/ospe30/opB[9]' has no loads. (LINT-2)
Warning: In design 'TOP', net 'data/ospe_array/SYNOPSYS_UNCONNECTED_118' driven by pin 'data/ospe_array/ospe30/opB[10]' has no loads. (LINT-2)
Warning: In design 'TOP', net 'data/ospe_array/SYNOPSYS_UNCONNECTED_117' driven by pin 'data/ospe_array/ospe30/opB[11]' has no loads. (LINT-2)
Warning: In design 'TOP', net 'data/ospe_array/SYNOPSYS_UNCONNECTED_116' driven by pin 'data/ospe_array/ospe30/opB[12]' has no loads. (LINT-2)
Warning: In design 'TOP', net 'data/ospe_array/SYNOPSYS_UNCONNECTED_115' driven by pin 'data/ospe_array/ospe30/opB[13]' has no loads. (LINT-2)
Warning: In design 'TOP', net 'data/ospe_array/SYNOPSYS_UNCONNECTED_114' driven by pin 'data/ospe_array/ospe30/opB[14]' has no loads. (LINT-2)
Warning: In design 'TOP', net 'data/ospe_array/SYNOPSYS_UNCONNECTED_113' driven by pin 'data/ospe_array/ospe30/opB[15]' has no loads. (LINT-2)
Warning: In design 'TOP', net 'data/ospe_array/SYNOPSYS_UNCONNECTED_112' driven by pin 'data/ospe_array/ospe30/opB[16]' has no loads. (LINT-2)
Warning: In design 'TOP', net 'data/ospe_array/SYNOPSYS_UNCONNECTED_111' driven by pin 'data/ospe_array/ospe30/opB[17]' has no loads. (LINT-2)
Warning: In design 'TOP', net 'data/ospe_array/SYNOPSYS_UNCONNECTED_110' driven by pin 'data/ospe_array/ospe30/opB[18]' has no loads. (LINT-2)
Warning: In design 'TOP', net 'data/ospe_array/SYNOPSYS_UNCONNECTED_109' driven by pin 'data/ospe_array/ospe30/opB[19]' has no loads. (LINT-2)
Warning: In design 'TOP', net 'data/ospe_array/SYNOPSYS_UNCONNECTED_108' driven by pin 'data/ospe_array/ospe30/opB[20]' has no loads. (LINT-2)
Warning: In design 'TOP', net 'data/ospe_array/SYNOPSYS_UNCONNECTED_107' driven by pin 'data/ospe_array/ospe30/opB[21]' has no loads. (LINT-2)
Warning: In design 'TOP', net 'data/ospe_array/SYNOPSYS_UNCONNECTED_106' driven by pin 'data/ospe_array/ospe30/opB[22]' has no loads. (LINT-2)
Warning: In design 'TOP', net 'data/ospe_array/SYNOPSYS_UNCONNECTED_105' driven by pin 'data/ospe_array/ospe30/opB[23]' has no loads. (LINT-2)
Warning: In design 'TOP', net 'data/ospe_array/SYNOPSYS_UNCONNECTED_104' driven by pin 'data/ospe_array/ospe30/opB[24]' has no loads. (LINT-2)
Warning: In design 'TOP', net 'data/ospe_array/SYNOPSYS_UNCONNECTED_103' driven by pin 'data/ospe_array/ospe30/opB[25]' has no loads. (LINT-2)
Warning: In design 'TOP', net 'data/ospe_array/SYNOPSYS_UNCONNECTED_102' driven by pin 'data/ospe_array/ospe30/opB[26]' has no loads. (LINT-2)
Warning: In design 'TOP', net 'data/ospe_array/SYNOPSYS_UNCONNECTED_101' driven by pin 'data/ospe_array/ospe30/opB[27]' has no loads. (LINT-2)
Warning: In design 'TOP', net 'data/ospe_array/SYNOPSYS_UNCONNECTED_100' driven by pin 'data/ospe_array/ospe30/opB[28]' has no loads. (LINT-2)
Warning: In design 'TOP', net 'data/ospe_array/SYNOPSYS_UNCONNECTED_99' driven by pin 'data/ospe_array/ospe30/opB[29]' has no loads. (LINT-2)
Warning: In design 'TOP', net 'data/ospe_array/SYNOPSYS_UNCONNECTED_98' driven by pin 'data/ospe_array/ospe30/opB[30]' has no loads. (LINT-2)
Warning: In design 'TOP', net 'data/ospe_array/SYNOPSYS_UNCONNECTED_97' driven by pin 'data/ospe_array/ospe30/opB[31]' has no loads. (LINT-2)
Warning: In design 'TOP', net 'data/ospe_array/SYNOPSYS_UNCONNECTED_96' driven by pin 'data/ospe_array/ospe23/opA[0]' has no loads. (LINT-2)
Warning: In design 'TOP', net 'data/ospe_array/SYNOPSYS_UNCONNECTED_95' driven by pin 'data/ospe_array/ospe23/opA[1]' has no loads. (LINT-2)
Warning: In design 'TOP', net 'data/ospe_array/SYNOPSYS_UNCONNECTED_94' driven by pin 'data/ospe_array/ospe23/opA[2]' has no loads. (LINT-2)
Warning: In design 'TOP', net 'data/ospe_array/SYNOPSYS_UNCONNECTED_93' driven by pin 'data/ospe_array/ospe23/opA[3]' has no loads. (LINT-2)
Warning: In design 'TOP', net 'data/ospe_array/SYNOPSYS_UNCONNECTED_92' driven by pin 'data/ospe_array/ospe23/opA[4]' has no loads. (LINT-2)
Warning: In design 'TOP', net 'data/ospe_array/SYNOPSYS_UNCONNECTED_91' driven by pin 'data/ospe_array/ospe23/opA[5]' has no loads. (LINT-2)
Warning: In design 'TOP', net 'data/ospe_array/SYNOPSYS_UNCONNECTED_90' driven by pin 'data/ospe_array/ospe23/opA[6]' has no loads. (LINT-2)
Warning: In design 'TOP', net 'data/ospe_array/SYNOPSYS_UNCONNECTED_89' driven by pin 'data/ospe_array/ospe23/opA[7]' has no loads. (LINT-2)
Warning: In design 'TOP', net 'data/ospe_array/SYNOPSYS_UNCONNECTED_88' driven by pin 'data/ospe_array/ospe23/opA[8]' has no loads. (LINT-2)
Warning: In design 'TOP', net 'data/ospe_array/SYNOPSYS_UNCONNECTED_87' driven by pin 'data/ospe_array/ospe23/opA[9]' has no loads. (LINT-2)
Warning: In design 'TOP', net 'data/ospe_array/SYNOPSYS_UNCONNECTED_86' driven by pin 'data/ospe_array/ospe23/opA[10]' has no loads. (LINT-2)
Warning: In design 'TOP', net 'data/ospe_array/SYNOPSYS_UNCONNECTED_85' driven by pin 'data/ospe_array/ospe23/opA[11]' has no loads. (LINT-2)
Warning: In design 'TOP', net 'data/ospe_array/SYNOPSYS_UNCONNECTED_84' driven by pin 'data/ospe_array/ospe23/opA[12]' has no loads. (LINT-2)
Warning: In design 'TOP', net 'data/ospe_array/SYNOPSYS_UNCONNECTED_83' driven by pin 'data/ospe_array/ospe23/opA[13]' has no loads. (LINT-2)
Warning: In design 'TOP', net 'data/ospe_array/SYNOPSYS_UNCONNECTED_82' driven by pin 'data/ospe_array/ospe23/opA[14]' has no loads. (LINT-2)
Warning: In design 'TOP', net 'data/ospe_array/SYNOPSYS_UNCONNECTED_81' driven by pin 'data/ospe_array/ospe23/opA[15]' has no loads. (LINT-2)
Warning: In design 'TOP', net 'data/ospe_array/SYNOPSYS_UNCONNECTED_80' driven by pin 'data/ospe_array/ospe23/opA[16]' has no loads. (LINT-2)
Warning: In design 'TOP', net 'data/ospe_array/SYNOPSYS_UNCONNECTED_79' driven by pin 'data/ospe_array/ospe23/opA[17]' has no loads. (LINT-2)
Warning: In design 'TOP', net 'data/ospe_array/SYNOPSYS_UNCONNECTED_78' driven by pin 'data/ospe_array/ospe23/opA[18]' has no loads. (LINT-2)
Warning: In design 'TOP', net 'data/ospe_array/SYNOPSYS_UNCONNECTED_77' driven by pin 'data/ospe_array/ospe23/opA[19]' has no loads. (LINT-2)
Warning: In design 'TOP', net 'data/ospe_array/SYNOPSYS_UNCONNECTED_76' driven by pin 'data/ospe_array/ospe23/opA[20]' has no loads. (LINT-2)
Warning: In design 'TOP', net 'data/ospe_array/SYNOPSYS_UNCONNECTED_75' driven by pin 'data/ospe_array/ospe23/opA[21]' has no loads. (LINT-2)
Warning: In design 'TOP', net 'data/ospe_array/SYNOPSYS_UNCONNECTED_74' driven by pin 'data/ospe_array/ospe23/opA[22]' has no loads. (LINT-2)
Warning: In design 'TOP', net 'data/ospe_array/SYNOPSYS_UNCONNECTED_73' driven by pin 'data/ospe_array/ospe23/opA[23]' has no loads. (LINT-2)
Warning: In design 'TOP', net 'data/ospe_array/SYNOPSYS_UNCONNECTED_72' driven by pin 'data/ospe_array/ospe23/opA[24]' has no loads. (LINT-2)
Warning: In design 'TOP', net 'data/ospe_array/SYNOPSYS_UNCONNECTED_71' driven by pin 'data/ospe_array/ospe23/opA[25]' has no loads. (LINT-2)
Warning: In design 'TOP', net 'data/ospe_array/SYNOPSYS_UNCONNECTED_70' driven by pin 'data/ospe_array/ospe23/opA[26]' has no loads. (LINT-2)
Warning: In design 'TOP', net 'data/ospe_array/SYNOPSYS_UNCONNECTED_69' driven by pin 'data/ospe_array/ospe23/opA[27]' has no loads. (LINT-2)
Warning: In design 'TOP', net 'data/ospe_array/SYNOPSYS_UNCONNECTED_68' driven by pin 'data/ospe_array/ospe23/opA[28]' has no loads. (LINT-2)
Warning: In design 'TOP', net 'data/ospe_array/SYNOPSYS_UNCONNECTED_67' driven by pin 'data/ospe_array/ospe23/opA[29]' has no loads. (LINT-2)
Warning: In design 'TOP', net 'data/ospe_array/SYNOPSYS_UNCONNECTED_66' driven by pin 'data/ospe_array/ospe23/opA[30]' has no loads. (LINT-2)
Warning: In design 'TOP', net 'data/ospe_array/SYNOPSYS_UNCONNECTED_65' driven by pin 'data/ospe_array/ospe23/opA[31]' has no loads. (LINT-2)
Warning: In design 'TOP', net 'data/ospe_array/SYNOPSYS_UNCONNECTED_64' driven by pin 'data/ospe_array/ospe13/opA[0]' has no loads. (LINT-2)
Warning: In design 'TOP', net 'data/ospe_array/SYNOPSYS_UNCONNECTED_63' driven by pin 'data/ospe_array/ospe13/opA[1]' has no loads. (LINT-2)
Warning: In design 'TOP', net 'data/ospe_array/SYNOPSYS_UNCONNECTED_62' driven by pin 'data/ospe_array/ospe13/opA[2]' has no loads. (LINT-2)
Warning: In design 'TOP', net 'data/ospe_array/SYNOPSYS_UNCONNECTED_61' driven by pin 'data/ospe_array/ospe13/opA[3]' has no loads. (LINT-2)
Warning: In design 'TOP', net 'data/ospe_array/SYNOPSYS_UNCONNECTED_60' driven by pin 'data/ospe_array/ospe13/opA[4]' has no loads. (LINT-2)
Warning: In design 'TOP', net 'data/ospe_array/SYNOPSYS_UNCONNECTED_59' driven by pin 'data/ospe_array/ospe13/opA[5]' has no loads. (LINT-2)
Warning: In design 'TOP', net 'data/ospe_array/SYNOPSYS_UNCONNECTED_58' driven by pin 'data/ospe_array/ospe13/opA[6]' has no loads. (LINT-2)
Warning: In design 'TOP', net 'data/ospe_array/SYNOPSYS_UNCONNECTED_57' driven by pin 'data/ospe_array/ospe13/opA[7]' has no loads. (LINT-2)
Warning: In design 'TOP', net 'data/ospe_array/SYNOPSYS_UNCONNECTED_56' driven by pin 'data/ospe_array/ospe13/opA[8]' has no loads. (LINT-2)
Warning: In design 'TOP', net 'data/ospe_array/SYNOPSYS_UNCONNECTED_55' driven by pin 'data/ospe_array/ospe13/opA[9]' has no loads. (LINT-2)
Warning: In design 'TOP', net 'data/ospe_array/SYNOPSYS_UNCONNECTED_54' driven by pin 'data/ospe_array/ospe13/opA[10]' has no loads. (LINT-2)
Warning: In design 'TOP', net 'data/ospe_array/SYNOPSYS_UNCONNECTED_53' driven by pin 'data/ospe_array/ospe13/opA[11]' has no loads. (LINT-2)
Warning: In design 'TOP', net 'data/ospe_array/SYNOPSYS_UNCONNECTED_52' driven by pin 'data/ospe_array/ospe13/opA[12]' has no loads. (LINT-2)
Warning: In design 'TOP', net 'data/ospe_array/SYNOPSYS_UNCONNECTED_51' driven by pin 'data/ospe_array/ospe13/opA[13]' has no loads. (LINT-2)
Warning: In design 'TOP', net 'data/ospe_array/SYNOPSYS_UNCONNECTED_50' driven by pin 'data/ospe_array/ospe13/opA[14]' has no loads. (LINT-2)
Warning: In design 'TOP', net 'data/ospe_array/SYNOPSYS_UNCONNECTED_49' driven by pin 'data/ospe_array/ospe13/opA[15]' has no loads. (LINT-2)
Warning: In design 'TOP', net 'data/ospe_array/SYNOPSYS_UNCONNECTED_48' driven by pin 'data/ospe_array/ospe13/opA[16]' has no loads. (LINT-2)
Warning: In design 'TOP', net 'data/ospe_array/SYNOPSYS_UNCONNECTED_47' driven by pin 'data/ospe_array/ospe13/opA[17]' has no loads. (LINT-2)
Warning: In design 'TOP', net 'data/ospe_array/SYNOPSYS_UNCONNECTED_46' driven by pin 'data/ospe_array/ospe13/opA[18]' has no loads. (LINT-2)
Warning: In design 'TOP', net 'data/ospe_array/SYNOPSYS_UNCONNECTED_45' driven by pin 'data/ospe_array/ospe13/opA[19]' has no loads. (LINT-2)
Warning: In design 'TOP', net 'data/ospe_array/SYNOPSYS_UNCONNECTED_44' driven by pin 'data/ospe_array/ospe13/opA[20]' has no loads. (LINT-2)
Warning: In design 'TOP', net 'data/ospe_array/SYNOPSYS_UNCONNECTED_43' driven by pin 'data/ospe_array/ospe13/opA[21]' has no loads. (LINT-2)
Warning: In design 'TOP', net 'data/ospe_array/SYNOPSYS_UNCONNECTED_42' driven by pin 'data/ospe_array/ospe13/opA[22]' has no loads. (LINT-2)
Warning: In design 'TOP', net 'data/ospe_array/SYNOPSYS_UNCONNECTED_41' driven by pin 'data/ospe_array/ospe13/opA[23]' has no loads. (LINT-2)
Warning: In design 'TOP', net 'data/ospe_array/SYNOPSYS_UNCONNECTED_40' driven by pin 'data/ospe_array/ospe13/opA[24]' has no loads. (LINT-2)
Warning: In design 'TOP', net 'data/ospe_array/SYNOPSYS_UNCONNECTED_39' driven by pin 'data/ospe_array/ospe13/opA[25]' has no loads. (LINT-2)
Warning: In design 'TOP', net 'data/ospe_array/SYNOPSYS_UNCONNECTED_38' driven by pin 'data/ospe_array/ospe13/opA[26]' has no loads. (LINT-2)
Warning: In design 'TOP', net 'data/ospe_array/SYNOPSYS_UNCONNECTED_37' driven by pin 'data/ospe_array/ospe13/opA[27]' has no loads. (LINT-2)
Warning: In design 'TOP', net 'data/ospe_array/SYNOPSYS_UNCONNECTED_36' driven by pin 'data/ospe_array/ospe13/opA[28]' has no loads. (LINT-2)
Warning: In design 'TOP', net 'data/ospe_array/SYNOPSYS_UNCONNECTED_35' driven by pin 'data/ospe_array/ospe13/opA[29]' has no loads. (LINT-2)
Warning: In design 'TOP', net 'data/ospe_array/SYNOPSYS_UNCONNECTED_34' driven by pin 'data/ospe_array/ospe13/opA[30]' has no loads. (LINT-2)
Warning: In design 'TOP', net 'data/ospe_array/SYNOPSYS_UNCONNECTED_33' driven by pin 'data/ospe_array/ospe13/opA[31]' has no loads. (LINT-2)
Warning: In design 'TOP', net 'data/ospe_array/SYNOPSYS_UNCONNECTED_32' driven by pin 'data/ospe_array/ospe03/opA[0]' has no loads. (LINT-2)
Warning: In design 'TOP', net 'data/ospe_array/SYNOPSYS_UNCONNECTED_31' driven by pin 'data/ospe_array/ospe03/opA[1]' has no loads. (LINT-2)
Warning: In design 'TOP', net 'data/ospe_array/SYNOPSYS_UNCONNECTED_30' driven by pin 'data/ospe_array/ospe03/opA[2]' has no loads. (LINT-2)
Warning: In design 'TOP', net 'data/ospe_array/SYNOPSYS_UNCONNECTED_29' driven by pin 'data/ospe_array/ospe03/opA[3]' has no loads. (LINT-2)
Warning: In design 'TOP', net 'data/ospe_array/SYNOPSYS_UNCONNECTED_28' driven by pin 'data/ospe_array/ospe03/opA[4]' has no loads. (LINT-2)
Warning: In design 'TOP', net 'data/ospe_array/SYNOPSYS_UNCONNECTED_27' driven by pin 'data/ospe_array/ospe03/opA[5]' has no loads. (LINT-2)
Warning: In design 'TOP', net 'data/ospe_array/SYNOPSYS_UNCONNECTED_26' driven by pin 'data/ospe_array/ospe03/opA[6]' has no loads. (LINT-2)
Warning: In design 'TOP', net 'data/ospe_array/SYNOPSYS_UNCONNECTED_25' driven by pin 'data/ospe_array/ospe03/opA[7]' has no loads. (LINT-2)
Warning: In design 'TOP', net 'data/ospe_array/SYNOPSYS_UNCONNECTED_24' driven by pin 'data/ospe_array/ospe03/opA[8]' has no loads. (LINT-2)
Warning: In design 'TOP', net 'data/ospe_array/SYNOPSYS_UNCONNECTED_23' driven by pin 'data/ospe_array/ospe03/opA[9]' has no loads. (LINT-2)
Warning: In design 'TOP', net 'data/ospe_array/SYNOPSYS_UNCONNECTED_22' driven by pin 'data/ospe_array/ospe03/opA[10]' has no loads. (LINT-2)
Warning: In design 'TOP', net 'data/ospe_array/SYNOPSYS_UNCONNECTED_21' driven by pin 'data/ospe_array/ospe03/opA[11]' has no loads. (LINT-2)
Warning: In design 'TOP', net 'data/ospe_array/SYNOPSYS_UNCONNECTED_20' driven by pin 'data/ospe_array/ospe03/opA[12]' has no loads. (LINT-2)
Warning: In design 'TOP', net 'data/ospe_array/SYNOPSYS_UNCONNECTED_19' driven by pin 'data/ospe_array/ospe03/opA[13]' has no loads. (LINT-2)
Warning: In design 'TOP', net 'data/ospe_array/SYNOPSYS_UNCONNECTED_18' driven by pin 'data/ospe_array/ospe03/opA[14]' has no loads. (LINT-2)
Warning: In design 'TOP', net 'data/ospe_array/SYNOPSYS_UNCONNECTED_17' driven by pin 'data/ospe_array/ospe03/opA[15]' has no loads. (LINT-2)
Warning: In design 'TOP', net 'data/ospe_array/SYNOPSYS_UNCONNECTED_16' driven by pin 'data/ospe_array/ospe03/opA[16]' has no loads. (LINT-2)
Warning: In design 'TOP', net 'data/ospe_array/SYNOPSYS_UNCONNECTED_15' driven by pin 'data/ospe_array/ospe03/opA[17]' has no loads. (LINT-2)
Warning: In design 'TOP', net 'data/ospe_array/SYNOPSYS_UNCONNECTED_14' driven by pin 'data/ospe_array/ospe03/opA[18]' has no loads. (LINT-2)
Warning: In design 'TOP', net 'data/ospe_array/SYNOPSYS_UNCONNECTED_13' driven by pin 'data/ospe_array/ospe03/opA[19]' has no loads. (LINT-2)
Warning: In design 'TOP', net 'data/ospe_array/SYNOPSYS_UNCONNECTED_12' driven by pin 'data/ospe_array/ospe03/opA[20]' has no loads. (LINT-2)
Warning: In design 'TOP', net 'data/ospe_array/SYNOPSYS_UNCONNECTED_11' driven by pin 'data/ospe_array/ospe03/opA[21]' has no loads. (LINT-2)
Warning: In design 'TOP', net 'data/ospe_array/SYNOPSYS_UNCONNECTED_10' driven by pin 'data/ospe_array/ospe03/opA[22]' has no loads. (LINT-2)
Warning: In design 'TOP', net 'data/ospe_array/SYNOPSYS_UNCONNECTED_9' driven by pin 'data/ospe_array/ospe03/opA[23]' has no loads. (LINT-2)
Warning: In design 'TOP', net 'data/ospe_array/SYNOPSYS_UNCONNECTED_8' driven by pin 'data/ospe_array/ospe03/opA[24]' has no loads. (LINT-2)
Warning: In design 'TOP', net 'data/ospe_array/SYNOPSYS_UNCONNECTED_7' driven by pin 'data/ospe_array/ospe03/opA[25]' has no loads. (LINT-2)
Warning: In design 'TOP', net 'data/ospe_array/SYNOPSYS_UNCONNECTED_6' driven by pin 'data/ospe_array/ospe03/opA[26]' has no loads. (LINT-2)
Warning: In design 'TOP', net 'data/ospe_array/SYNOPSYS_UNCONNECTED_5' driven by pin 'data/ospe_array/ospe03/opA[27]' has no loads. (LINT-2)
Warning: In design 'TOP', net 'data/ospe_array/SYNOPSYS_UNCONNECTED_4' driven by pin 'data/ospe_array/ospe03/opA[28]' has no loads. (LINT-2)
Warning: In design 'TOP', net 'data/ospe_array/SYNOPSYS_UNCONNECTED_3' driven by pin 'data/ospe_array/ospe03/opA[29]' has no loads. (LINT-2)
Warning: In design 'TOP', net 'data/ospe_array/SYNOPSYS_UNCONNECTED_2' driven by pin 'data/ospe_array/ospe03/opA[30]' has no loads. (LINT-2)
Warning: In design 'TOP', net 'data/ospe_array/SYNOPSYS_UNCONNECTED_1' driven by pin 'data/ospe_array/ospe03/opA[31]' has no loads. (LINT-2)
Warning: In design 'TOP', net 'data/ospe_array/ospe00/n51' driven by pin 'data/ospe_array/ospe00/U149/**logic_0**' has no loads. (LINT-2)
Warning: In design 'TOP', net 'data/ospe_array/ospe00/n50' driven by pin 'data/ospe_array/ospe00/U148/**logic_0**' has no loads. (LINT-2)
Warning: In design 'TOP', net 'data/ospe_array/ospe33/n9' driven by pin 'data/ospe_array/ospe33/U107/**logic_0**' has no loads. (LINT-2)
Warning: In design 'TOP', net 'data/ospe_array/ospe33/n8' driven by pin 'data/ospe_array/ospe33/U106/**logic_0**' has no loads. (LINT-2)
Warning: In design 'TOP', net 'data/ospe_array/ospe32/n9' driven by pin 'data/ospe_array/ospe32/U107/**logic_0**' has no loads. (LINT-2)
Warning: In design 'TOP', net 'data/ospe_array/ospe32/n8' driven by pin 'data/ospe_array/ospe32/U106/**logic_0**' has no loads. (LINT-2)
Warning: In design 'TOP', net 'data/ospe_array/ospe31/n9' driven by pin 'data/ospe_array/ospe31/U107/**logic_0**' has no loads. (LINT-2)
Warning: In design 'TOP', net 'data/ospe_array/ospe31/n8' driven by pin 'data/ospe_array/ospe31/U106/**logic_0**' has no loads. (LINT-2)
Warning: In design 'TOP', net 'data/ospe_array/ospe30/n9' driven by pin 'data/ospe_array/ospe30/U106/**logic_0**' has no loads. (LINT-2)
Warning: In design 'TOP', net 'data/ospe_array/ospe30/n8' driven by pin 'data/ospe_array/ospe30/U105/**logic_0**' has no loads. (LINT-2)
Warning: In design 'TOP', net 'data/ospe_array/ospe23/n8' driven by pin 'data/ospe_array/ospe23/U106/**logic_0**' has no loads. (LINT-2)
Warning: In design 'TOP', net 'data/ospe_array/ospe23/n7' driven by pin 'data/ospe_array/ospe23/U105/**logic_0**' has no loads. (LINT-2)
Warning: In design 'TOP', net 'data/ospe_array/ospe22/n8' driven by pin 'data/ospe_array/ospe22/U106/**logic_0**' has no loads. (LINT-2)
Warning: In design 'TOP', net 'data/ospe_array/ospe22/n7' driven by pin 'data/ospe_array/ospe22/U105/**logic_0**' has no loads. (LINT-2)
Warning: In design 'TOP', net 'data/ospe_array/ospe21/n8' driven by pin 'data/ospe_array/ospe21/U106/**logic_0**' has no loads. (LINT-2)
Warning: In design 'TOP', net 'data/ospe_array/ospe21/n7' driven by pin 'data/ospe_array/ospe21/U105/**logic_0**' has no loads. (LINT-2)
Warning: In design 'TOP', net 'data/ospe_array/ospe20/n8' driven by pin 'data/ospe_array/ospe20/U106/**logic_0**' has no loads. (LINT-2)
Warning: In design 'TOP', net 'data/ospe_array/ospe20/n7' driven by pin 'data/ospe_array/ospe20/U105/**logic_0**' has no loads. (LINT-2)
Warning: In design 'TOP', net 'data/ospe_array/ospe13/n8' driven by pin 'data/ospe_array/ospe13/U106/**logic_0**' has no loads. (LINT-2)
Warning: In design 'TOP', net 'data/ospe_array/ospe13/n7' driven by pin 'data/ospe_array/ospe13/U105/**logic_0**' has no loads. (LINT-2)
Warning: In design 'TOP', net 'data/ospe_array/ospe12/n8' driven by pin 'data/ospe_array/ospe12/U106/**logic_0**' has no loads. (LINT-2)
Warning: In design 'TOP', net 'data/ospe_array/ospe12/n7' driven by pin 'data/ospe_array/ospe12/U105/**logic_0**' has no loads. (LINT-2)
Warning: In design 'TOP', net 'data/ospe_array/ospe11/n8' driven by pin 'data/ospe_array/ospe11/U106/**logic_0**' has no loads. (LINT-2)
Warning: In design 'TOP', net 'data/ospe_array/ospe11/n7' driven by pin 'data/ospe_array/ospe11/U105/**logic_0**' has no loads. (LINT-2)
Warning: In design 'TOP', net 'data/ospe_array/ospe10/n8' driven by pin 'data/ospe_array/ospe10/U106/**logic_0**' has no loads. (LINT-2)
Warning: In design 'TOP', net 'data/ospe_array/ospe10/n7' driven by pin 'data/ospe_array/ospe10/U105/**logic_0**' has no loads. (LINT-2)
Warning: In design 'TOP', net 'data/ospe_array/ospe03/n8' driven by pin 'data/ospe_array/ospe03/U106/**logic_0**' has no loads. (LINT-2)
Warning: In design 'TOP', net 'data/ospe_array/ospe03/n7' driven by pin 'data/ospe_array/ospe03/U105/**logic_0**' has no loads. (LINT-2)
Warning: In design 'TOP', net 'data/ospe_array/ospe02/n8' driven by pin 'data/ospe_array/ospe02/U106/**logic_0**' has no loads. (LINT-2)
Warning: In design 'TOP', net 'data/ospe_array/ospe02/n7' driven by pin 'data/ospe_array/ospe02/U105/**logic_0**' has no loads. (LINT-2)
Warning: In design 'TOP', net 'data/ospe_array/ospe01/n8' driven by pin 'data/ospe_array/ospe01/U106/**logic_0**' has no loads. (LINT-2)
Warning: In design 'TOP', net 'data/ospe_array/ospe01/n7' driven by pin 'data/ospe_array/ospe01/U105/**logic_0**' has no loads. (LINT-2)
1
